---
source: memfaultd/src/metrics/system_metrics/cpu.rs
expression: result_b.unwrap()
---
[
  {
    "name": "cpu/cpu/percent/user",
    "value": {
      "Histogram": {
        "value": 96.15385,
        "timestamp": "[timestamp]"
      }
    }
  },
  {
    "name": "cpu/cpu/percent/nice",
    "value": {
      "Histogram": {
        "value": 2.88462,
        "timestamp": "[timestamp]"
      }
    }
  },
  {
    "name": "cpu/cpu/percent/system",
    "value": {
      "Histogram": {
        "value": 0.76923,
        "timestamp": "[timestamp]"
      }
    }
  },
  {
    "name": "cpu/cpu/percent/idle",
    "value": {
      "Histogram": {
        "value": 0.19231,
        "timestamp": "[timestamp]"
      }
    }
  },
  {
    "name": "cpu/cpu/percent/iowait",
    "value": {
      "Histogram": {
        "value": 0.0,
        "timestamp": "[timestamp]"
      }
    }
  },
  {
    "name": "cpu/cpu/percent/irq",
    "value": {
      "Histogram": {
        "value": 0.0,
        "timestamp": "[timestamp]"
      }
    }
  },
  {
    "name": "cpu/cpu/percent/softirq",
    "value": {
      "Histogram": {
        "value": 0.0,
        "timestamp": "[timestamp]"
      }
    }
  }
]
