---
source: memfaultd/src/cli/memfault_core_handler/core_elf_memfault_note.rs
expression: deser_map
---
Map(
    [
        (
            Integer(
                Integer(
                    1,
                ),
            ),
            Integer(
                Integer(
                    1,
                ),
            ),
        ),
        (
            Integer(
                Integer(
                    2,
                ),
            ),
            Text(
                "SDK_VERSION",
            ),
        ),
        (
            Integer(
                Integer(
                    3,
                ),
            ),
            Integer(
                Integer(
                    1234,
                ),
            ),
        ),
        (
            Integer(
                Integer(
                    4,
                ),
            ),
            Text(
                "12345678",
            ),
        ),
        (
            Integer(
                Integer(
                    5,
                ),
            ),
            Text(
                "evt",
            ),
        ),
        (
            Integer(
                Integer(
                    6,
                ),
            ),
            Text(
                "main",
            ),
        ),
        (
            Integer(
                Integer(
                    7,
                ),
            ),
            Text(
                "1.0.0",
            ),
        ),
        (
            Integer(
                Integer(
                    8,
                ),
            ),
            Text(
                "binary -a -b -c",
            ),
        ),
        (
            Integer(
                Integer(
                    9,
                ),
            ),
            Map(
                [
                    (
                        Text(
                            "type",
                        ),
                        Text(
                            "kernel_selection",
                        ),
                    ),
                ],
            ),
        ),
        (
            Integer(
                Integer(
                    10,
                ),
            ),
            Null,
        ),
    ],
)
