---
source: memfaultd/src/config/config_file.rs
expression: content
---
{
  "persist_dir": "/media/memfault",
  "tmp_dir": null,
  "tmp_dir_min_headroom_kib": 10240,
  "tmp_dir_min_inodes": 100,
  "tmp_dir_max_usage_kib": 102400,
  "upload_interval_seconds": 3600,
  "heartbeat_interval_seconds": 3600,
  "enable_data_collection": false,
  "enable_dev_mode": false,
  "software_version": null,
  "software_type": null,
  "project_key": "",
  "base_url": "https://device.memfault.com",
  "swupdate": {
    "input_file": "/etc/swupdate.cfg",
    "output_file": "/tmp/swupdate.cfg"
  },
  "reboot": {
    "last_reboot_reason_file": "/media/last_reboot_reason",
    "capture_pstore": false
  },
  "coredump": {
    "compression": "gzip",
    "coredump_max_size_kib": 96000,
    "rate_limit_count": 5,
    "rate_limit_duration_seconds": 3600,
    "capture_strategy": {
      "type": "threads",
      "max_thread_size_kib": 32
    },
    "log_lines": 100
  },
  "fluent-bit": {
    "extra_fluentd_attributes": [],
    "bind_address": "127.0.0.1:5170",
    "max_buffered_lines": 1000,
    "max_connections": 4
  },
  "logs": {
    "rotate_size_kib": 10240,
    "rotate_after_seconds": 3600,
    "compression_level": 1,
    "max_lines_per_minute": 500,
    "log_to_metrics": {
      "rules": [
        {
          "type": "count_matching",
          "pattern": "ssh",
          "metric_name": "ssh_logins",
          "filter": {}
        },
        {
          "type": "count_matching",
          "pattern": "ssh",
          "metric_name": "ssh_logins",
          "filter": {
            "_SYSTEMD_UNIT": "sshd.service"
          }
        }
      ]
    },
    "storage": "persist",
    "source": "fluent-bit"
  },
  "mar": {
    "mar_file_max_size_kib": 10240,
    "mar_entry_max_age_seconds": 604800
  },
  "http_server": {
    "bind_address": "127.0.0.1:8787"
  },
  "battery_monitor": null,
  "connectivity_monitor": null,
  "sessions": null,
  "metrics": {
    "enable_daily_heartbeats": false,
    "system_metric_collection": {
      "enable": false,
      "poll_interval_seconds": 10,
      "processes": null,
      "disk_space": null,
      "network_interfaces": null
    },
    "statsd_server": null
  }
}
