---
source: memfaultd/src/collectd/collectd_handler.rs
expression: fixture.mock.take_metrics().unwrap()
---
{
  "cpu/0/cpu/idle": 0.0
}
