---
source: memfaultd/src/metrics/session_event_handler.rs
expression: manifest.metadata
---
{
  "type": "linux-metric-report",
  "metadata": {
    "metrics": {
      "bar": 3.0,
      "foo": 1.0
    },
    "duration_ms": 0,
    "report_type": {
      "session": "test-session"
    }
  }
}
