---
source: memfaultd/src/metrics/metric_report.rs
expression: sorted_metrics
---
{
  "memory_systemd_pct": 1.6666666666666667,
  "memory_systemd_pct_max": 2.0,
  "memory_systemd_pct_min": 1.0
}
