---
source: memfaultd/src/metrics/session_event_handler.rs
expression: fixture.take_session_metrics()
---
{
  "bar": 2.0,
  "foo": 1.0,
  "operational_crashes": 0.0
}
