---
source: memfaultd/src/metrics/metric_report.rs
expression: sorted_metrics
---
{
  "interface/eth0/packets_per_second/rx": 1.6666666666666667
}
