---
source: memfaultd/src/metrics/session_event_handler.rs
expression: manifest.metadata
---
{
  "type": "linux-metric-report",
  "metadata": {
    "metrics": {
      "bar": 20.0,
      "baz": "test-tag",
      "foo": 100.0,
      "operational_crashes": 0.0
    },
    "duration_ms": 0,
    "report_type": {
      "session": "test-session"
    }
  }
}
