---
source: memfaultd/src/metrics/metric_report_manager.rs
expression: builder.unwrap().get_metadata()
---
{
  "type": "linux-metric-report",
  "metadata": {
    "metrics": {
      "bar": 2.0,
      "baz": 3.0,
      "foo": 1.0
    },
    "duration_ms": 0,
    "report_type": "daily-heartbeat"
  }
}
