---
source: memfaultd/src/metrics/metric_report.rs
expression: sorted_metrics
---
{
  "memory_pct": 1.5,
  "memory_pct_max": 2.0,
  "memory_pct_min": 1.0
}
