---
source: memfaultd/src/metrics/metric_report.rs
expression: sorted_metrics
---
{
  "baz": 2.0,
  "foo": 1.5
}
