---
source: memfaultd/src/metrics/metric_report_manager.rs
expression: builder.unwrap().get_metadata()
---
{
  "type": "linux-metric-report",
  "metadata": {
    "metrics": {
      "foo": 1.0,
      "operational_crashes": 0.0
    },
    "duration_ms": 0,
    "report_type": {
      "session": "test-session-some-metrics"
    }
  }
}
