---
source: memfaultd/src/metrics/metric_report.rs
expression: sorted_metrics
---
{
  "foo": 1.5
}
