---
source: memfaultd/src/metrics/metric_report.rs
expression: sorted_metrics
---
{
  "foo": 2.0
}
