---
source: memfaultd/src/metrics/battery/battery_reading_handler.rs
expression: "&sorted_metrics"
---
{
  "battery_discharge_duration_ms": 60000.0,
  "battery_soc_pct": 0.0,
  "battery_soc_pct_drop": 60.0
}
